// Jest Snapshot v1, https://goo.gl/fbAQLP

exports[`LoginScreen renders without crashing 1`] = `
<View>
  <RCTScrollView
    automaticallyAdjustContentInsets={false}
    contentContainerStyle={
      {
        "alignItems": "stretch",
        "flex": 1,
        "justifyContent": "center",
      }
    }
    contentInset={
      {
        "bottom": 0,
      }
    }
    enableAutomaticScroll={true}
    enableOnAndroid={false}
    enableResetScrollToCoords={true}
    extraHeight={75}
    extraScrollHeight={0}
    getScrollResponder={[Function]}
    handleOnScroll={[Function]}
    keyboardDismissMode="interactive"
    keyboardOpeningTime={250}
    keyboardShouldPersistTaps="handled"
    keyboardSpace={0}
    onScroll={[Function]}
    resetKeyboardSpace={[Function]}
    scrollEventThrottle={1}
    scrollForExtraHeightOnAndroid={[Function]}
    scrollIntoView={[Function]}
    scrollToEnd={[Function]}
    scrollToFocusedInput={[Function]}
    scrollToPosition={[Function]}
    showsVerticalScrollIndicator={true}
    style={
      {
        "backgroundColor": "#F4DFCD",
      }
    }
    update={[Function]}
    viewIsInsideTabBar={false}
  >
    <View>
      <View
        accessibilityIgnoresInvertColors={true}
        style={
          {
            "flex": 1,
            "justifyContent": "center",
            "resizeMode": "cover",
          }
        }
      >
        <Image
          source={
            {
              "testUri": "../../../assets/splash.jpg",
            }
          }
          style={
            [
              {
                "bottom": 0,
                "left": 0,
                "position": "absolute",
                "right": 0,
                "top": 0,
              },
              {
                "height": undefined,
                "width": undefined,
              },
              undefined,
            ]
          }
        />
        <View
          accessibilityState={
            {
              "busy": undefined,
              "checked": undefined,
              "disabled": undefined,
              "expanded": undefined,
              "selected": undefined,
            }
          }
          accessibilityValue={
            {
              "max": undefined,
              "min": undefined,
              "now": undefined,
              "text": undefined,
            }
          }
          accessible={true}
          collapsable={false}
          focusable={true}
          onClick={[Function]}
          onResponderGrant={[Function]}
          onResponderMove={[Function]}
          onResponderRelease={[Function]}
          onResponderTerminate={[Function]}
          onResponderTerminationRequest={[Function]}
          onStartShouldSetResponder={[Function]}
          style={
            {
              "alignContent": "center",
              "alignSelf": "center",
              "justifyContent": "center",
              "marginBottom": 200,
              "opacity": 1,
              "paddingVertical": 200,
            }
          }
        >
          <Text
            collapsable={false}
            style={
              {
                "color": "#111111",
                "fontFamily": "Inter",
                "fontSize": 50,
                "fontWeight": "bold",
                "marginBottom": 70,
                "opacity": 1,
              }
            }
          >
            Where's 
            

             Religion?
          </Text>
        </View>
      </View>
    </View>
  </RCTScrollView>
</View>
`;
