// Jest Snapshot v1, https://goo.gl/fbAQLP

exports[`LocationWindow renders without crashing 1`] = `
<View
  style={
    {
      "alignItems": "center",
      "height": 110,
      "justifyContent": "center",
      "padding": 20,
    }
  }
>
  <Text
    style={
      {
        "fontFamily": "Inter",
        "fontSize": 18,
        "fontWeight": "bold",
        "marginBottom": 1,
      }
    }
  >
    Date & Time
  </Text>
  <View>
    <View
      style={
        {
          "alignItems": "center",
          "marginTop": 10,
        }
      }
    >
      <Text
        style={
          {
            "fontFamily": "Inter",
            "fontSize": 16,
          }
        }
      >
        9/25/2025
03:57 PM
      </Text>
    </View>
    <View
      accessibilityRole="button"
      accessibilityState={
        {
          "busy": undefined,
          "checked": undefined,
          "disabled": undefined,
          "expanded": undefined,
          "selected": undefined,
        }
      }
      accessibilityValue={
        {
          "max": undefined,
          "min": undefined,
          "now": undefined,
          "text": undefined,
        }
      }
      accessible={true}
      collapsable={false}
      focusable={true}
      onClick={[Function]}
      onResponderGrant={[Function]}
      onResponderMove={[Function]}
      onResponderRelease={[Function]}
      onResponderTerminate={[Function]}
      onResponderTerminationRequest={[Function]}
      onStartShouldSetResponder={[Function]}
      style={
        {
          "opacity": 1,
        }
      }
    >
      <View
        style={
          [
            {},
          ]
        }
      >
        <Text
          style={
            [
              {
                "color": "#007AFF",
                "fontSize": 18,
                "margin": 8,
                "textAlign": "center",
              },
            ]
          }
        >
          Select Date & Time
        </Text>
      </View>
    </View>
  </View>
</View>
`;
